# = Character
include = Identifier
< = RelationalOp
stdio = Identifier
. = Character
h = Identifier
> = RelationalOp
# = Character
include = Identifier
< = RelationalOp
math = Identifier
. = Character
h = Identifier
> = RelationalOp
int = DataTypes
altura = Identifier
, = Character
i = Identifier
, = Character
j = Identifier
; = EndSentence
float = DataTypes
x = Identifier
, = Character
y = Identifier
; = EndSentence
void = Identifier
main = Identifier
( = Character
) = Character
{ = Start
y = Identifier
= = Assignment
10 = Number
; = EndSentence
x = Identifier
= = Assignment
9 = Number
; = EndSentence
x = Identifier
+= = IncreaseTerm
( = Character
3 = Number
+ = TermOp
5 = Number
) = Character
* = FactorOp
8 = Number
- = TermOp
( = Character
10 = Number
- = TermOp
4 = Number
) = Character
/ = FactorOp
2 = Number
; = EndSentence
x = Identifier
/= = FactorIn
( = Character
y = Identifier
- = TermOp
3 = Number
) = Character
; = EndSentence
x = Identifier
-- = IncreaseTerm
; = EndSentence
x = Identifier
*= = FactorIn
( = Character
x = Identifier
- = TermOp
7 = Number
) = Character
; = EndSentence
printf = Identifier
( = Character
"\nValor de altura = " = String
) = Character
; = EndSentence
scanf = Identifier
( = Character
"%d" = String
, = Character
altura = Identifier
) = Character
; = EndSentence
for = Loops
( = Character
i = Identifier
= = Assignment
1 = Number
; = EndSentence
i = Identifier
<= = RelationalOp
altura = Identifier
; = EndSentence
i = Identifier
++ = IncreaseTerm
) = Character
{ = Start
for = Loops
( = Character
j = Identifier
= = Assignment
1 = Number
; = EndSentence
j = Identifier
<= = RelationalOp
i = Identifier
; = EndSentence
j = Identifier
++ = IncreaseTerm
) = Character
{ = Start
printf = Identifier
( = Character
"" = String
, = Character
j = Identifier
) = Character
; = EndSentence
} = End
printf = Identifier
( = Character
"\n" = String
) = Character
; = EndSentence
} = End
i = Identifier
= = Assignment
0 = Number
; = EndSentence
do = Loops
{ = Start
printf = Identifier
( = Character
"-" = String
) = Character
; = EndSentence
i = Identifier
++ = IncreaseTerm
; = EndSentence
} = End
while = Loops
( = Character
i = Identifier
< = RelationalOp
altura = Identifier
* = FactorOp
2 = Number
) = Character
; = EndSentence
printf = Identifier
( = Character
"\n" = String
) = Character
; = EndSentence
for = Loops
( = Character
i = Identifier
= = Assignment
1 = Number
; = EndSentence
i = Identifier
<= = RelationalOp
altura = Identifier
; = EndSentence
i = Identifier
++ = IncreaseTerm
) = Character
{ = Start
j = Identifier
= = Assignment
1 = Number
; = EndSentence
while = Loops
( = Character
j = Identifier
<= = RelationalOp
i = Identifier
) = Character
{ = Start
printf = Identifier
( = Character
"" = String
, = Character
j = Identifier
) = Character
; = EndSentence
j = Identifier
++ = IncreaseTerm
; = EndSentence
} = End
printf = Identifier
( = Character
"\n" = String
) = Character
; = EndSentence
} = End
i = Identifier
= = Assignment
0 = Number
; = EndSentence
do = Loops
{ = Start
printf = Identifier
( = Character
"-" = String
) = Character
; = EndSentence
i = Identifier
++ = IncreaseTerm
; = EndSentence
} = End
while = Loops
( = Character
i = Identifier
< = RelationalOp
altura = Identifier
* = FactorOp
2 = Number
) = Character
; = EndSentence
printf = Identifier
( = Character
"\n" = String
) = Character
; = EndSentence
} = End
 = End
